Archive member included because of file (symbol)

d:/program files (x86)/atmel/atmel studio 6.0/extensions/atmel/avrgcc/3.3.2.31/avrtoolchain/bin/../lib/gcc/avr/4.5.1/avr51\libgcc.a(_exit.o)
                              d:/program files (x86)/atmel/atmel studio 6.0/extensions/atmel/avrgcc/3.3.2.31/avrtoolchain/bin/../lib/gcc/avr/4.5.1/../../../../avr/lib/avr51/crtm128.o (exit)
d:/program files (x86)/atmel/atmel studio 6.0/extensions/atmel/avrgcc/3.3.2.31/avrtoolchain/bin/../lib/gcc/avr/4.5.1/avr51\libgcc.a(_clear_bss.o)
                              RTC_routines.o (__do_clear_bss)

Allocating common symbols
Common symbol       size              file

rtc_register        0x7               RTC_routines.o
time                0xa               RTC_routines.o
day                 0x1               RTC_routines.o
date                0xc               RTC_routines.o

Memory Configuration

Name             Origin             Length             Attributes
text             0x00000000         0x00020000         xr
data             0x00800100         0x0000ff00         rw !x
eeprom           0x00810000         0x00010000         rw !x
fuse             0x00820000         0x00000400         rw !x
lock             0x00830000         0x00000400         rw !x
signature        0x00840000         0x00000400         rw !x
*default*        0x00000000         0xffffffff

Linker script and memory map

Address of section .data set to 0x800100
LOAD d:/program files (x86)/atmel/atmel studio 6.0/extensions/atmel/avrgcc/3.3.2.31/avrtoolchain/bin/../lib/gcc/avr/4.5.1/../../../../avr/lib/avr51/crtm128.o
LOAD EEPROM_routines.o
LOAD GccApplication2.o
LOAD i2c_routines.o
LOAD RTC_routines.o
LOAD UART_routines.o
START GROUP
LOAD d:/program files (x86)/atmel/atmel studio 6.0/extensions/atmel/avrgcc/3.3.2.31/avrtoolchain/bin/../lib/gcc/avr/4.5.1/../../../../avr/lib/avr51\libm.a
END GROUP
LOAD d:/program files (x86)/atmel/atmel studio 6.0/extensions/atmel/avrgcc/3.3.2.31/avrtoolchain/bin/../lib/gcc/avr/4.5.1/avr51\libgcc.a
LOAD d:/program files (x86)/atmel/atmel studio 6.0/extensions/atmel/avrgcc/3.3.2.31/avrtoolchain/bin/../lib/gcc/avr/4.5.1/../../../../avr/lib/avr51\libc.a
LOAD d:/program files (x86)/atmel/atmel studio 6.0/extensions/atmel/avrgcc/3.3.2.31/avrtoolchain/bin/../lib/gcc/avr/4.5.1/avr51\libgcc.a

.hash
 *(.hash)

.dynsym
 *(.dynsym)

.dynstr
 *(.dynstr)

.gnu.version
 *(.gnu.version)

.gnu.version_d
 *(.gnu.version_d)

.gnu.version_r
 *(.gnu.version_r)

.rel.init
 *(.rel.init)

.rela.init
 *(.rela.init)

.rel.text
 *(.rel.text)
 *(.rel.text.*)
 *(.rel.gnu.linkonce.t*)

.rela.text
 *(.rela.text)
 *(.rela.text.*)
 *(.rela.gnu.linkonce.t*)

.rel.fini
 *(.rel.fini)

.rela.fini
 *(.rela.fini)

.rel.rodata
 *(.rel.rodata)
 *(.rel.rodata.*)
 *(.rel.gnu.linkonce.r*)

.rela.rodata
 *(.rela.rodata)
 *(.rela.rodata.*)
 *(.rela.gnu.linkonce.r*)

.rel.data
 *(.rel.data)
 *(.rel.data.*)
 *(.rel.gnu.linkonce.d*)

.rela.data
 *(.rela.data)
 *(.rela.data.*)
 *(.rela.gnu.linkonce.d*)

.rel.ctors
 *(.rel.ctors)

.rela.ctors
 *(.rela.ctors)

.rel.dtors
 *(.rel.dtors)

.rela.dtors
 *(.rela.dtors)

.rel.got
 *(.rel.got)

.rela.got
 *(.rela.got)

.rel.bss
 *(.rel.bss)

.rela.bss
 *(.rela.bss)

.rel.plt
 *(.rel.plt)

.rela.plt
 *(.rela.plt)

.text           0x00000000     0x1642
 *(.vectors)
 .vectors       0x00000000       0x8c d:/program files (x86)/atmel/atmel studio 6.0/extensions/atmel/avrgcc/3.3.2.31/avrtoolchain/bin/../lib/gcc/avr/4.5.1/../../../../avr/lib/avr51/crtm128.o
                0x00000000                __vector_default
                0x00000000                __vectors
 *(.vectors)
 *(.progmem.gcc*)
 *(.progmem*)
 .progmem.data  0x0000008c      0x1ad EEPROM_routines.o
 .progmem.data  0x00000239      0x1c4 GccApplication2.o
 .progmem.data  0x000003fd      0x296 RTC_routines.o
                0x00000694                . = ALIGN (0x2)
 *fill*         0x00000693        0x1 00
                0x00000694                __trampolines_start = .
 *(.trampolines)
 .trampolines   0x00000694        0x0 linker stubs
 *(.trampolines*)
                0x00000694                __trampolines_end = .
 *(.jumptables)
 *(.jumptables*)
 *(.lowtext)
 *(.lowtext*)
                0x00000694                __ctors_start = .
 *(.ctors)
                0x00000694                __ctors_end = .
                0x00000694                __dtors_start = .
 *(.dtors)
                0x00000694                __dtors_end = .
 SORT(*)(.ctors)
 SORT(*)(.dtors)
 *(.init0)
 .init0         0x00000694        0x0 d:/program files (x86)/atmel/atmel studio 6.0/extensions/atmel/avrgcc/3.3.2.31/avrtoolchain/bin/../lib/gcc/avr/4.5.1/../../../../avr/lib/avr51/crtm128.o
                0x00000694                __init
 *(.init0)
 *(.init1)
 *(.init1)
 *(.init2)
 .init2         0x00000694        0xc d:/program files (x86)/atmel/atmel studio 6.0/extensions/atmel/avrgcc/3.3.2.31/avrtoolchain/bin/../lib/gcc/avr/4.5.1/../../../../avr/lib/avr51/crtm128.o
 *(.init2)
 *(.init3)
 *(.init3)
 *(.init4)
 .init4         0x000006a0       0x10 d:/program files (x86)/atmel/atmel studio 6.0/extensions/atmel/avrgcc/3.3.2.31/avrtoolchain/bin/../lib/gcc/avr/4.5.1/avr51\libgcc.a(_clear_bss.o)
                0x000006a0                __do_clear_bss
 *(.init4)
 *(.init5)
 *(.init5)
 *(.init6)
 *(.init6)
 *(.init7)
 *(.init7)
 *(.init8)
 *(.init8)
 *(.init9)
 .init9         0x000006b0        0x8 d:/program files (x86)/atmel/atmel studio 6.0/extensions/atmel/avrgcc/3.3.2.31/avrtoolchain/bin/../lib/gcc/avr/4.5.1/../../../../avr/lib/avr51/crtm128.o
 *(.init9)
 *(.text)
 .text          0x000006b8        0x4 d:/program files (x86)/atmel/atmel studio 6.0/extensions/atmel/avrgcc/3.3.2.31/avrtoolchain/bin/../lib/gcc/avr/4.5.1/../../../../avr/lib/avr51/crtm128.o
                0x000006b8                __vector_22
                0x000006b8                __vector_28
                0x000006b8                __vector_1
                0x000006b8                __vector_32
                0x000006b8                __vector_34
                0x000006b8                __vector_24
                0x000006b8                __vector_12
                0x000006b8                __bad_interrupt
                0x000006b8                __vector_6
                0x000006b8                __vector_31
                0x000006b8                __vector_3
                0x000006b8                __vector_23
                0x000006b8                __vector_30
                0x000006b8                __vector_25
                0x000006b8                __vector_11
                0x000006b8                __vector_13
                0x000006b8                __vector_17
                0x000006b8                __vector_19
                0x000006b8                __vector_7
                0x000006b8                __vector_27
                0x000006b8                __vector_5
                0x000006b8                __vector_33
                0x000006b8                __vector_4
                0x000006b8                __vector_9
                0x000006b8                __vector_2
                0x000006b8                __vector_21
                0x000006b8                __vector_15
                0x000006b8                __vector_29
                0x000006b8                __vector_8
                0x000006b8                __vector_26
                0x000006b8                __vector_14
                0x000006b8                __vector_10
                0x000006b8                __vector_16
                0x000006b8                __vector_18
                0x000006b8                __vector_20
 .text          0x000006bc      0x2ca EEPROM_routines.o
                0x000006bc                EEPROM_read
                0x000007e4                EEPROM_write
                0x00000888                EEPROM_readPage
                0x000008a6                EEPROM_writePage
                0x000008c2                EEPROM_erase
 .text          0x00000986      0x3da GccApplication2.o
                0x00000986                port_init
                0x000009ae                twi_init
                0x000009c4                init_devices
                0x000009ea                main
 .text          0x00000d60       0xea i2c_routines.o
                0x00000d60                i2c_start
                0x00000d80                i2c_repeatStart
                0x00000da0                i2c_sendAddress
                0x00000dd6                i2c_sendData
                0x00000dfa                i2c_receiveData_ACK
                0x00000e1e                i2c_receiveData_NACK
                0x00000e42                i2c_stop
 .text          0x00000e4a      0x784 RTC_routines.o
                0x00000e4a                RTC_setStartAddress
                0x00000e96                RTC_read
                0x00000f4a                RTC_getTime
                0x00000fdc                RTC_getDate
                0x0000106c                RTC_displayTime
                0x0000108e                RTC_displayDay
                0x0000110a                RTC_displayDate
                0x00001130                RTC_updateRegisters
                0x000011f0                RTC_writeTime
                0x0000127e                RTC_writeDate
                0x0000130c                RTC_updateTime
                0x00001422                RTC_updateDate
 .text          0x000015ce       0x70 UART_routines.o
                0x000015ce                uart0_init
                0x000015e6                receiveByte
                0x000015f0                transmitByte
                0x000015f8                transmitString_F
                0x00001620                transmitString
 .text          0x0000163e        0x0 d:/program files (x86)/atmel/atmel studio 6.0/extensions/atmel/avrgcc/3.3.2.31/avrtoolchain/bin/../lib/gcc/avr/4.5.1/avr51\libgcc.a(_exit.o)
 .text          0x0000163e        0x0 d:/program files (x86)/atmel/atmel studio 6.0/extensions/atmel/avrgcc/3.3.2.31/avrtoolchain/bin/../lib/gcc/avr/4.5.1/avr51\libgcc.a(_clear_bss.o)
                0x0000163e                . = ALIGN (0x2)
 *(.text.*)
 .text.libgcc   0x0000163e        0x0 d:/program files (x86)/atmel/atmel studio 6.0/extensions/atmel/avrgcc/3.3.2.31/avrtoolchain/bin/../lib/gcc/avr/4.5.1/avr51\libgcc.a(_exit.o)
 .text.libgcc   0x0000163e        0x0 d:/program files (x86)/atmel/atmel studio 6.0/extensions/atmel/avrgcc/3.3.2.31/avrtoolchain/bin/../lib/gcc/avr/4.5.1/avr51\libgcc.a(_clear_bss.o)
                0x0000163e                . = ALIGN (0x2)
 *(.fini9)
 .fini9         0x0000163e        0x0 d:/program files (x86)/atmel/atmel studio 6.0/extensions/atmel/avrgcc/3.3.2.31/avrtoolchain/bin/../lib/gcc/avr/4.5.1/avr51\libgcc.a(_exit.o)
                0x0000163e                _exit
                0x0000163e                exit
 *(.fini9)
 *(.fini8)
 *(.fini8)
 *(.fini7)
 *(.fini7)
 *(.fini6)
 *(.fini6)
 *(.fini5)
 *(.fini5)
 *(.fini4)
 *(.fini4)
 *(.fini3)
 *(.fini3)
 *(.fini2)
 *(.fini2)
 *(.fini1)
 *(.fini1)
 *(.fini0)
 .fini0         0x0000163e        0x4 d:/program files (x86)/atmel/atmel studio 6.0/extensions/atmel/avrgcc/3.3.2.31/avrtoolchain/bin/../lib/gcc/avr/4.5.1/avr51\libgcc.a(_exit.o)
 *(.fini0)
                0x00001642                _etext = .

.data           0x00800100        0x0 load address 0x00001642
                0x00800100                PROVIDE (__data_start, .)
 *(.data)
 .data          0x00800100        0x0 d:/program files (x86)/atmel/atmel studio 6.0/extensions/atmel/avrgcc/3.3.2.31/avrtoolchain/bin/../lib/gcc/avr/4.5.1/../../../../avr/lib/avr51/crtm128.o
 .data          0x00800100        0x0 EEPROM_routines.o
 .data          0x00800100        0x0 GccApplication2.o
 .data          0x00800100        0x0 i2c_routines.o
 .data          0x00800100        0x0 RTC_routines.o
 .data          0x00800100        0x0 UART_routines.o
 .data          0x00800100        0x0 d:/program files (x86)/atmel/atmel studio 6.0/extensions/atmel/avrgcc/3.3.2.31/avrtoolchain/bin/../lib/gcc/avr/4.5.1/avr51\libgcc.a(_exit.o)
 .data          0x00800100        0x0 d:/program files (x86)/atmel/atmel studio 6.0/extensions/atmel/avrgcc/3.3.2.31/avrtoolchain/bin/../lib/gcc/avr/4.5.1/avr51\libgcc.a(_clear_bss.o)
 *(.data*)
 *(.rodata)
 *(.rodata*)
 *(.gnu.linkonce.d*)
                0x00800100                . = ALIGN (0x2)
                0x00800100                _edata = .
                0x00800100                PROVIDE (__data_end, .)

.bss            0x00800100       0x1e
                0x00800100                PROVIDE (__bss_start, .)
 *(.bss)
 .bss           0x00800100        0x0 d:/program files (x86)/atmel/atmel studio 6.0/extensions/atmel/avrgcc/3.3.2.31/avrtoolchain/bin/../lib/gcc/avr/4.5.1/../../../../avr/lib/avr51/crtm128.o
 .bss           0x00800100        0x0 EEPROM_routines.o
 .bss           0x00800100        0x0 GccApplication2.o
 .bss           0x00800100        0x0 i2c_routines.o
 .bss           0x00800100        0x0 RTC_routines.o
 .bss           0x00800100        0x0 UART_routines.o
 .bss           0x00800100        0x0 d:/program files (x86)/atmel/atmel studio 6.0/extensions/atmel/avrgcc/3.3.2.31/avrtoolchain/bin/../lib/gcc/avr/4.5.1/avr51\libgcc.a(_exit.o)
 .bss           0x00800100        0x0 d:/program files (x86)/atmel/atmel studio 6.0/extensions/atmel/avrgcc/3.3.2.31/avrtoolchain/bin/../lib/gcc/avr/4.5.1/avr51\libgcc.a(_clear_bss.o)
 *(.bss*)
 *(COMMON)
 COMMON         0x00800100       0x1e RTC_routines.o
                0x00800100                rtc_register
                0x00800107                time
                0x00800111                day
                0x00800112                date
                0x0080011e                PROVIDE (__bss_end, .)
                0x00001642                __data_load_start = LOADADDR (.data)
                0x00001642                __data_load_end = (__data_load_start + SIZEOF (.data))

.noinit         0x0080011e        0x0
                0x0080011e                PROVIDE (__noinit_start, .)
 *(.noinit*)
                0x0080011e                PROVIDE (__noinit_end, .)
                0x0080011e                _end = .
                0x0080011e                PROVIDE (__heap_start, .)

.eeprom         0x00810000        0x0
 *(.eeprom*)
                0x00810000                __eeprom_end = .

.fuse
 *(.fuse)
 *(.lfuse)
 *(.hfuse)
 *(.efuse)

.lock
 *(.lock*)

.signature
 *(.signature*)

.stab           0x00000000      0x6cc
 *(.stab)
 .stab          0x00000000      0x6cc d:/program files (x86)/atmel/atmel studio 6.0/extensions/atmel/avrgcc/3.3.2.31/avrtoolchain/bin/../lib/gcc/avr/4.5.1/../../../../avr/lib/avr51/crtm128.o

.stabstr        0x00000000       0x97
 *(.stabstr)
 .stabstr       0x00000000       0x97 d:/program files (x86)/atmel/atmel studio 6.0/extensions/atmel/avrgcc/3.3.2.31/avrtoolchain/bin/../lib/gcc/avr/4.5.1/../../../../avr/lib/avr51/crtm128.o

.stab.excl
 *(.stab.excl)

.stab.exclstr
 *(.stab.exclstr)

.stab.index
 *(.stab.index)

.stab.indexstr
 *(.stab.indexstr)

.comment
 *(.comment)

.debug
 *(.debug)

.line
 *(.line)

.debug_srcinfo
 *(.debug_srcinfo)

.debug_sfnames
 *(.debug_sfnames)

.debug_aranges  0x00000000       0xa0
 *(.debug_aranges)
 .debug_aranges
                0x00000000       0x20 EEPROM_routines.o
 .debug_aranges
                0x00000020       0x20 GccApplication2.o
 .debug_aranges
                0x00000040       0x20 i2c_routines.o
 .debug_aranges
                0x00000060       0x20 RTC_routines.o
 .debug_aranges
                0x00000080       0x20 UART_routines.o

.debug_pubnames
                0x00000000      0x2d4
 *(.debug_pubnames)
 .debug_pubnames
                0x00000000       0x6d EEPROM_routines.o
 .debug_pubnames
                0x0000006d       0x47 GccApplication2.o
 .debug_pubnames
                0x000000b4       0x97 i2c_routines.o
 .debug_pubnames
                0x0000014b      0x11f RTC_routines.o
 .debug_pubnames
                0x0000026a       0x6a UART_routines.o

.debug_info     0x00000000      0x948
 *(.debug_info)
 .debug_info    0x00000000      0x240 EEPROM_routines.o
 .debug_info    0x00000240      0x11b GccApplication2.o
 .debug_info    0x0000035b      0x171 i2c_routines.o
 .debug_info    0x000004cc      0x2db RTC_routines.o
 .debug_info    0x000007a7      0x1a1 UART_routines.o
 *(.gnu.linkonce.wi.*)

.debug_abbrev   0x00000000      0x3d1
 *(.debug_abbrev)
 .debug_abbrev  0x00000000       0x96 EEPROM_routines.o
 .debug_abbrev  0x00000096       0x72 GccApplication2.o
 .debug_abbrev  0x00000108       0xa9 i2c_routines.o
 .debug_abbrev  0x000001b1      0x138 RTC_routines.o
 .debug_abbrev  0x000002e9       0xe8 UART_routines.o

.debug_line     0x00000000     0x1647
 *(.debug_line)
 .debug_line    0x00000000      0x43a EEPROM_routines.o
 .debug_line    0x0000043a      0x4eb GccApplication2.o
 .debug_line    0x00000925      0x29e i2c_routines.o
 .debug_line    0x00000bc3      0x8b5 RTC_routines.o
 .debug_line    0x00001478      0x1cf UART_routines.o

.debug_frame    0x00000000      0x260
 *(.debug_frame)
 .debug_frame   0x00000000       0x60 EEPROM_routines.o
 .debug_frame   0x00000060       0x50 GccApplication2.o
 .debug_frame   0x000000b0       0x80 i2c_routines.o
 .debug_frame   0x00000130       0xd0 RTC_routines.o
 .debug_frame   0x00000200       0x60 UART_routines.o

.debug_str      0x00000000      0x38b
 *(.debug_str)
 .debug_str     0x00000000      0x13f EEPROM_routines.o
                                0x173 (size before relaxing)
 .debug_str     0x0000013f       0x4b GccApplication2.o
                                0x13d (size before relaxing)
 .debug_str     0x0000018a       0x8c i2c_routines.o
                                0x159 (size before relaxing)
 .debug_str     0x00000216       0xf3 RTC_routines.o
                                0x1d5 (size before relaxing)
 .debug_str     0x00000309       0x82 UART_routines.o
                                0x160 (size before relaxing)

.debug_loc      0x00000000      0x9de
 *(.debug_loc)
 .debug_loc     0x00000000      0x32e EEPROM_routines.o
 .debug_loc     0x0000032e      0x1eb GccApplication2.o
 .debug_loc     0x00000519       0x64 i2c_routines.o
 .debug_loc     0x0000057d      0x353 RTC_routines.o
 .debug_loc     0x000008d0      0x10e UART_routines.o

.debug_macinfo
 *(.debug_macinfo)
OUTPUT(GccApplication2.elf elf32-avr)
LOAD linker stubs

.debug_pubtypes
                0x00000000       0x8b
 .debug_pubtypes
                0x00000000       0x12 EEPROM_routines.o
 .debug_pubtypes
                0x00000012       0x1e GccApplication2.o
 .debug_pubtypes
                0x00000030       0x1e i2c_routines.o
 .debug_pubtypes
                0x0000004e       0x12 RTC_routines.o
 .debug_pubtypes
                0x00000060       0x2b UART_routines.o

.debug_ranges   0x00000000       0x18
 .debug_ranges  0x00000000       0x18 UART_routines.o
